
> opposite-osiris@0.0.1 build
> astro build

14:03:20 [vite] (ssr) Error when evaluating SSR module C:\Users\fenli\Desktop\Test\astro.config.mjs: Cannot find module '@astrojs/tailwind' imported from 'C:/Users/fenli/Desktop/Test/astro.config.mjs'
      at fetchModule (file:///C:/Users/fenli/Desktop/Test/node_modules/vite/dist/node/chunks/dep-D4NMHUTW.js:46842:19)
      at RunnableDevEnvironment.fetchModule (file:///C:/Users/fenli/Desktop/Test/node_modules/vite/dist/node/chunks/dep-D4NMHUTW.js:47933:12)
      at fetchModule (file:///C:/Users/fenli/Desktop/Test/node_modules/vite/dist/node/chunks/dep-D4NMHUTW.js:47887:21)
      at handleInvoke (file:///C:/Users/fenli/Desktop/Test/node_modules/vite/dist/node/chunks/dep-D4NMHUTW.js:39002:28)
      at EventEmitter.listenerForInvokeHandler (file:///C:/Users/fenli/Desktop/Test/node_modules/vite/dist/node/chunks/dep-D4NMHUTW.js:39075:25)
      at EventEmitter.emit (node:events:508:20)
      at Object.send (file:///C:/Users/fenli/Desktop/Test/node_modules/vite/dist/node/chunks/dep-D4NMHUTW.js:25190:40)
      at Object.invoke (file:///C:/Users/fenli/Desktop/Test/node_modules/vite/dist/node/module-runner.js:621:34)
      at Object.invoke (file:///C:/Users/fenli/Desktop/Test/node_modules/vite/dist/node/module-runner.js:682:34)
      at SSRCompatModuleRunner.getModuleInformation (file:///C:/Users/fenli/Desktop/Test/node_modules/vite/dist/node/module-runner.js:1205:94)
[astro] Unable to load your Astro config

Cannot find module '@astrojs/tailwind' imported from 'C:/Users/fenli/Desktop/Test/astro.config.mjs'
  Location:
    C:\Users\fenli\Desktop\Test\node_modules\vite\dist\node\chunks\dep-D4NMHUTW.js:46842:19
  Stack trace:
    at fetchModule (file:///C:/Users/fenli/Desktop/Test/node_modules/vite/dist/node/chunks/dep-D4NMHUTW.js:46842:19)
    at fetchModule (file:///C:/Users/fenli/Desktop/Test/node_modules/vite/dist/node/chunks/dep-D4NMHUTW.js:47887:21)
    at EventEmitter.listenerForInvokeHandler (file:///C:/Users/fenli/Desktop/Test/node_modules/vite/dist/node/chunks/dep-D4NMHUTW.js:39075:25)
    at Object.send (file:///C:/Users/fenli/Desktop/Test/node_modules/vite/dist/node/chunks/dep-D4NMHUTW.js:25190:40)
    at Object.invoke (file:///C:/Users/fenli/Desktop/Test/node_modules/vite/dist/node/module-runner.js:682:34)
